
====================================================================================================
Linux sonic 4.19.0-6-2-amd64 #1 SMP Debian 4.19.67-2+deb10u2 (2019-11-11) x86_64
You are on
  ____   ___  _   _ _  ____
 / ___| / _ \| \ | (_)/ ___|
 \___ \| | | |  \| | | |
  ___) | |_| | |\  | | |___
 |____/ \___/|_| \_|_|\____|

-- Software for Open Networking in the Cloud --

Unauthorized access and/or use are prohibited.
All access and/or use are subject to monitoring.

Help:    http://azure.github.io/SONiC/

Last login: Thu Mar  7 06:35:11 2019 from 10.36.78.241
admin@sonic:~$
====================================================================================================
Linux sonic 4.19.0-6-2-amd64 #1 SMP Debian 4.19.67-2+deb10u2 (2019-11-11) x86_64
You are on
  ____   ___  _   _ _  ____
 / ___| / _ \| \ | (_)/ ___|
 \___ \| | | |  \| | | |
  ___) | |_| | |\  | | |___
 |____/ \___/|_| \_|_|\____|

-- Software for Open Networking in the Cloud --

Unauthorized access and/or use are prohibited.
All access and/or use are subject to monitoring.

Help:    http://azure.github.io/SONiC/

Last login: Sun Mar 10 11:22:01 2019 from 10.36.78.241
sudo configure interface shutdown Ethernet64
admin@sonic:~$ sudo configure interface shutdown Ethernet64
sudo: configure: command not found
admin@sonic:~$
====================================================================================================
Linux sonic 4.19.0-6-2-amd64 #1 SMP Debian 4.19.67-2+deb10u2 (2019-11-11) x86_64
You are on
  ____   ___  _   _ _  ____
 / ___| / _ \| \ | (_)/ ___|
 \___ \| | | |  \| | | |
  ___) | |_| | |\  | | |___
 |____/ \___/|_| \_|_|\____|

-- Software for Open Networking in the Cloud --

Unauthorized access and/or use are prohibited.
All access and/or use are subject to monitoring.

Help:    http://azure.github.io/SONiC/

Last login: Sun Mar 10 11:38:22 2019 from 10.36.78.241
sudo configure interface shutdown Ethernet64
admin@sonic:~$ sudo configure interface shutdown Ethernet64
sudo: configure: command not found
admin@sonic:~$
====================================================================================================
Linux sonic 4.19.0-6-2-amd64 #1 SMP Debian 4.19.67-2+deb10u2 (2019-11-11) x86_64
You are on
  ____   ___  _   _ _  ____
 / ___| / _ \| \ | (_)/ ___|
 \___ \| | | |  \| | | |
  ___) | |_| | |\  | | |___
 |____/ \___/|_| \_|_|\____|

-- Software for Open Networking in the Cloud --

Unauthorized access and/or use are prohibited.
All access and/or use are subject to monitoring.

Help:    http://azure.github.io/SONiC/

Last login: Sun Mar 10 11:40:29 2019 from 10.36.78.241
sudo config interface shutdown Ethernet64
admin@sonic:~$ sudo config interface shutdown Ethernet64
admin@sonic:~$
====================================================================================================
Linux sonic 4.19.0-6-2-amd64 #1 SMP Debian 4.19.67-2+deb10u2 (2019-11-11) x86_64
You are on
  ____   ___  _   _ _  ____
 / ___| / _ \| \ | (_)/ ___|
 \___ \| | | |  \| | | |
  ___) | |_| | |\  | | |___
 |____/ \___/|_| \_|_|\____|

-- Software for Open Networking in the Cloud --

Unauthorized access and/or use are prohibited.
All access and/or use are subject to monitoring.

Help:    http://azure.github.io/SONiC/

Last login: Sun Mar 10 11:42:54 2019 from 10.36.78.241
sudo config interface shutdown Ethernet64
admin@sonic:~$ sudo config interface shutdown Ethernet64
admin@sonic:~$
====================================================================================================
Linux sonic 4.19.0-6-2-amd64 #1 SMP Debian 4.19.67-2+deb10u2 (2019-11-11) x86_64
You are on
  ____   ___  _   _ _  ____
 / ___| / _ \| \ | (_)/ ___|
 \___ \| | | |  \| | | |
  ___) | |_| | |\  | | |___
 |____/ \___/|_| \_|_|\____|

-- Software for Open Networking in the Cloud --

Unauthorized access and/or use are prohibited.
All access and/or use are subject to monitoring.

Help:    http://azure.github.io/SONiC/

Last login: Sun Mar 10 11:53:07 2019 from 10.36.78.241
sudo config interface startup Ethernet64
admin@sonic:~$ sudo config interface startup Ethernet64
admin@sonic:~$
====================================================================================================
Linux sonic 4.19.0-6-2-amd64 #1 SMP Debian 4.19.67-2+deb10u2 (2019-11-11) x86_64
You are on
  ____   ___  _   _ _  ____
 / ___| / _ \| \ | (_)/ ___|
 \___ \| | | |  \| | | |
  ___) | |_| | |\  | | |___
 |____/ \___/|_| \_|_|\____|

-- Software for Open Networking in the Cloud --

Unauthorized access and/or use are prohibited.
All access and/or use are subject to monitoring.

Help:    http://azure.github.io/SONiC/

Last login: Sun Mar 10 11:54:08 2019 from 10.36.78.241
sudo config interface shutdown Ethernet64
admin@sonic:~$ sudo config interface shutdown Ethernet64
admin@sonic:~$
====================================================================================================
Linux sonic 4.19.0-6-2-amd64 #1 SMP Debian 4.19.67-2+deb10u2 (2019-11-11) x86_64
You are on
  ____   ___  _   _ _  ____
 / ___| / _ \| \ | (_)/ ___|
 \___ \| | | |  \| | | |
  ___) | |_| | |\  | | |___
 |____/ \___/|_| \_|_|\____|

-- Software for Open Networking in the Cloud --

Unauthorized access and/or use are prohibited.
All access and/or use are subject to monitoring.

Help:    http://azure.github.io/SONiC/

Last login: Sun Mar 10 11:57:14 2019 from 10.36.78.241
sudo config interface startup Ethernet64
admin@sonic:~$ sudo config interface startup Ethernet64
admin@sonic:~$
====================================================================================================
Linux sonic 4.19.0-6-2-amd64 #1 SMP Debian 4.19.67-2+deb10u2 (2019-11-11) x86_64
You are on
  ____   ___  _   _ _  ____
 / ___| / _ \| \ | (_)/ ___|
 \___ \| | | |  \| | | |
  ___) | |_| | |\  | | |___
 |____/ \___/|_| \_|_|\____|

-- Software for Open Networking in the Cloud --

Unauthorized access and/or use are prohibited.
All access and/or use are subject to monitoring.

Help:    http://azure.github.io/SONiC/

Last login: Sun Mar 10 11:59:51 2019 from 10.36.78.241
sudo config interface shutdown Ethernet64
admin@sonic:~$ sudo config interface shutdown Ethernet64
admin@sonic:~$
====================================================================================================
Linux sonic 4.19.0-6-2-amd64 #1 SMP Debian 4.19.67-2+deb10u2 (2019-11-11) x86_64
You are on
  ____   ___  _   _ _  ____
 / ___| / _ \| \ | (_)/ ___|
 \___ \| | | |  \| | | |
  ___) | |_| | |\  | | |___
 |____/ \___/|_| \_|_|\____|

-- Software for Open Networking in the Cloud --

Unauthorized access and/or use are prohibited.
All access and/or use are subject to monitoring.

Help:    http://azure.github.io/SONiC/

Last login: Sun Mar 10 12:08:12 2019 from 10.36.78.241
sudo config interface startup Ethernet64
admin@sonic:~$ sudo config interface startup Ethernet64
admin@sonic:~$
====================================================================================================
Linux sonic 4.19.0-6-2-amd64 #1 SMP Debian 4.19.67-2+deb10u2 (2019-11-11) x86_64
You are on
  ____   ___  _   _ _  ____
 / ___| / _ \| \ | (_)/ ___|
 \___ \| | | |  \| | | |
  ___) | |_| | |\  | | |___
 |____/ \___/|_| \_|_|\____|

-- Software for Open Networking in the Cloud --

Unauthorized access and/or use are prohibited.
All access and/or use are subject to monitoring.

Help:    http://azure.github.io/SONiC/

Last login: Sun Mar 10 12:09:14 2019 from 10.36.78.241
sudo config interface shutdown Ethernet64
admin@sonic:~$ sudo config interface shutdown Ethernet64
admin@sonic:~$
====================================================================================================
Linux sonic 4.19.0-6-2-amd64 #1 SMP Debian 4.19.67-2+deb10u2 (2019-11-11) x86_64
You are on
  ____   ___  _   _ _  ____
 / ___| / _ \| \ | (_)/ ___|
 \___ \| | | |  \| | | |
  ___) | |_| | |\  | | |___
 |____/ \___/|_| \_|_|\____|

-- Software for Open Networking in the Cloud --

Unauthorized access and/or use are prohibited.
All access and/or use are subject to monitoring.

Help:    http://azure.github.io/SONiC/

Last login: Sun Mar 10 12:18:24 2019 from 10.36.78.241
sudo config interface startup Ethernet64
admin@sonic:~$ sudo config interface startup Ethernet64
admin@sonic:~$
====================================================================================================
Linux sonic 4.19.0-6-2-amd64 #1 SMP Debian 4.19.67-2+deb10u2 (2019-11-11) x86_64
You are on
  ____   ___  _   _ _  ____
 / ___| / _ \| \ | (_)/ ___|
 \___ \| | | |  \| | | |
  ___) | |_| | |\  | | |___
 |____/ \___/|_| \_|_|\____|

-- Software for Open Networking in the Cloud --

Unauthorized access and/or use are prohibited.
All access and/or use are subject to monitoring.

Help:    http://azure.github.io/SONiC/

Last login: Sun Mar 10 12:19:26 2019 from 10.36.78.241
sudo config interface shutdown Ethernet64
admin@sonic:~$ sudo config interface shutdown Ethernet64
admin@sonic:~$
====================================================================================================
Linux sonic 4.19.0-6-2-amd64 #1 SMP Debian 4.19.67-2+deb10u2 (2019-11-11) x86_64
You are on
  ____   ___  _   _ _  ____
 / ___| / _ \| \ | (_)/ ___|
 \___ \| | | |  \| | | |
  ___) | |_| | |\  | | |___
 |____/ \___/|_| \_|_|\____|

-- Software for Open Networking in the Cloud --

Unauthorized access and/or use are prohibited.
All access and/or use are subject to monitoring.

Help:    http://azure.github.io/SONiC/

Last login: Sun Mar 10 12:27:47 2019 from 10.36.78.241
sudo config interface startup Ethernet64
admin@sonic:~$ sudo config interface startup Ethernet64
admin@sonic:~$
====================================================================================================
Linux sonic 4.19.0-6-2-amd64 #1 SMP Debian 4.19.67-2+deb10u2 (2019-11-11) x86_64
You are on
  ____   ___  _   _ _  ____
 / ___| / _ \| \ | (_)/ ___|
 \___ \| | | |  \| | | |
  ___) | |_| | |\  | | |___
 |____/ \___/|_| \_|_|\____|

-- Software for Open Networking in the Cloud --

Unauthorized access and/or use are prohibited.
All access and/or use are subject to monitoring.

Help:    http://azure.github.io/SONiC/

Last login: Sun Mar 10 12:28:48 2019 from 10.36.78.241
sudo config interface shutdown Ethernet64
admin@sonic:~$ sudo config interface shutdown Ethernet64
admin@sonic:~$
====================================================================================================
Linux sonic 4.19.0-6-2-amd64 #1 SMP Debian 4.19.67-2+deb10u2 (2019-11-11) x86_64
You are on
  ____   ___  _   _ _  ____
 / ___| / _ \| \ | (_)/ ___|
 \___ \| | | |  \| | | |
  ___) | |_| | |\  | | |___
 |____/ \___/|_| \_|_|\____|

-- Software for Open Networking in the Cloud --

Unauthorized access and/or use are prohibited.
All access and/or use are subject to monitoring.

Help:    http://azure.github.io/SONiC/

Last login: Sun Mar 10 12:33:18 2019 from 10.36.78.241
sudo config interface startup Ethernet64
admin@sonic:~$ sudo config interface startup Ethernet64
admin@sonic:~$
====================================================================================================
Linux sonic 4.19.0-6-2-amd64 #1 SMP Debian 4.19.67-2+deb10u2 (2019-11-11) x86_64
You are on
  ____   ___  _   _ _  ____
 / ___| / _ \| \ | (_)/ ___|
 \___ \| | | |  \| | | |
  ___) | |_| | |\  | | |___
 |____/ \___/|_| \_|_|\____|

-- Software for Open Networking in the Cloud --

Unauthorized access and/or use are prohibited.
All access and/or use are subject to monitoring.

Help:    http://azure.github.io/SONiC/

Last login: Sun Mar 10 12:34:19 2019 from 10.36.78.241
sudo config interface shutdown Ethernet64
admin@sonic:~$ sudo config interface shutdown Ethernet64
admin@sonic:~$
====================================================================================================
Linux sonic 4.19.0-6-2-amd64 #1 SMP Debian 4.19.67-2+deb10u2 (2019-11-11) x86_64
You are on
  ____   ___  _   _ _  ____
 / ___| / _ \| \ | (_)/ ___|
 \___ \| | | |  \| | | |
  ___) | |_| | |\  | | |___
 |____/ \___/|_| \_|_|\____|

-- Software for Open Networking in the Cloud --

Unauthorized access and/or use are prohibited.
All access and/or use are subject to monitoring.

Help:    http://azure.github.io/SONiC/

Last login: Sun Mar 10 12:41:17 2019 from 10.36.78.241
sudo config interface startup Ethernet64
admin@sonic:~$ sudo config interface startup Ethernet64
admin@sonic:~$
====================================================================================================
Linux sonic 4.19.0-6-2-amd64 #1 SMP Debian 4.19.67-2+deb10u2 (2019-11-11) x86_64
You are on
  ____   ___  _   _ _  ____
 / ___| / _ \| \ | (_)/ ___|
 \___ \| | | |  \| | | |
  ___) | |_| | |\  | | |___
 |____/ \___/|_| \_|_|\____|

-- Software for Open Networking in the Cloud --

Unauthorized access and/or use are prohibited.
All access and/or use are subject to monitoring.

Help:    http://azure.github.io/SONiC/

Last login: Sun Mar 10 12:42:19 2019 from 10.36.78.241
sudo config interface shutdown Ethernet64
admin@sonic:~$ sudo config interface shutdown Ethernet64
admin@sonic:~$
====================================================================================================
Linux sonic 4.19.0-6-2-amd64 #1 SMP Debian 4.19.67-2+deb10u2 (2019-11-11) x86_64
You are on
  ____   ___  _   _ _  ____
 / ___| / _ \| \ | (_)/ ___|
 \___ \| | | |  \| | | |
  ___) | |_| | |\  | | |___
 |____/ \___/|_| \_|_|\____|

-- Software for Open Networking in the Cloud --

Unauthorized access and/or use are prohibited.
All access and/or use are subject to monitoring.

Help:    http://azure.github.io/SONiC/

Last login: Sun Mar 10 12:44:45 2019 from 10.36.78.241
sudo config interface startup Ethernet64
admin@sonic:~$ sudo config interface startup Ethernet64
admin@sonic:~$
====================================================================================================
Linux sonic 4.19.0-6-2-amd64 #1 SMP Debian 4.19.67-2+deb10u2 (2019-11-11) x86_64
You are on
  ____   ___  _   _ _  ____
 / ___| / _ \| \ | (_)/ ___|
 \___ \| | | |  \| | | |
  ___) | |_| | |\  | | |___
 |____/ \___/|_| \_|_|\____|

-- Software for Open Networking in the Cloud --

Unauthorized access and/or use are prohibited.
All access and/or use are subject to monitoring.

Help:    http://azure.github.io/SONiC/

Last login: Sun Mar 10 12:45:47 2019 from 10.36.78.241
sudo config interface shutdown Ethernet64
admin@sonic:~$ sudo config interface shutdown Ethernet64
admin@sonic:~$
====================================================================================================
Linux sonic 4.19.0-6-2-amd64 #1 SMP Debian 4.19.67-2+deb10u2 (2019-11-11) x86_64
You are on
  ____   ___  _   _ _  ____
 / ___| / _ \| \ | (_)/ ___|
 \___ \| | | |  \| | | |
  ___) | |_| | |\  | | |___
 |____/ \___/|_| \_|_|\____|

-- Software for Open Networking in the Cloud --

Unauthorized access and/or use are prohibited.
All access and/or use are subject to monitoring.

Help:    http://azure.github.io/SONiC/

Last login: Sun Mar 10 12:48:04 2019 from 10.36.78.241
sudo config interface startup Ethernet64
admin@sonic:~$ sudo config interface startup Ethernet64
admin@sonic:~$
====================================================================================================
Linux sonic 4.19.0-6-2-amd64 #1 SMP Debian 4.19.67-2+deb10u2 (2019-11-11) x86_64
You are on
  ____   ___  _   _ _  ____
 / ___| / _ \| \ | (_)/ ___|
 \___ \| | | |  \| | | |
  ___) | |_| | |\  | | |___
 |____/ \___/|_| \_|_|\____|

-- Software for Open Networking in the Cloud --

Unauthorized access and/or use are prohibited.
All access and/or use are subject to monitoring.

Help:    http://azure.github.io/SONiC/

Last login: Tue Mar 12 07:50:09 2019 from 10.36.78.241
sudo config interface shutdown Ethernet64
admin@sonic:~$ sudo config interface shutdown Ethernet64
admin@sonic:~$
====================================================================================================
Linux sonic 4.19.0-6-2-amd64 #1 SMP Debian 4.19.67-2+deb10u2 (2019-11-11) x86_64
You are on
  ____   ___  _   _ _  ____
 / ___| / _ \| \ | (_)/ ___|
 \___ \| | | |  \| | | |
  ___) | |_| | |\  | | |___
 |____/ \___/|_| \_|_|\____|

-- Software for Open Networking in the Cloud --

Unauthorized access and/or use are prohibited.
All access and/or use are subject to monitoring.

Help:    http://azure.github.io/SONiC/

Last login: Tue Mar 12 07:57:03 2019 from 10.36.78.241
sudo config interface startup Ethernet64
admin@sonic:~$ sudo config interface startup Ethernet64
admin@sonic:~$
====================================================================================================
Linux sonic 4.19.0-6-2-amd64 #1 SMP Debian 4.19.67-2+deb10u2 (2019-11-11) x86_64
You are on
  ____   ___  _   _ _  ____
 / ___| / _ \| \ | (_)/ ___|
 \___ \| | | |  \| | | |
  ___) | |_| | |\  | | |___
 |____/ \___/|_| \_|_|\____|

-- Software for Open Networking in the Cloud --

Unauthorized access and/or use are prohibited.
All access and/or use are subject to monitoring.

Help:    http://azure.github.io/SONiC/

Last login: Tue Mar 12 07:58:04 2019 from 10.36.78.241
sudo config interface shutdown Ethernet64
admin@sonic:~$ sudo config interface shutdown Ethernet64
admin@sonic:~$
====================================================================================================
Linux sonic 4.19.0-6-2-amd64 #1 SMP Debian 4.19.67-2+deb10u2 (2019-11-11) x86_64
You are on
  ____   ___  _   _ _  ____
 / ___| / _ \| \ | (_)/ ___|
 \___ \| | | |  \| | | |
  ___) | |_| | |\  | | |___
 |____/ \___/|_| \_|_|\____|

-- Software for Open Networking in the Cloud --

Unauthorized access and/or use are prohibited.
All access and/or use are subject to monitoring.

Help:    http://azure.github.io/SONiC/

Last login: Tue Mar 12 08:00:11 2019 from 10.36.78.241
sudo config interface startup Ethernet64
admin@sonic:~$ sudo config interface startup Ethernet64
admin@sonic:~$
====================================================================================================
Linux sonic 4.19.0-6-2-amd64 #1 SMP Debian 4.19.67-2+deb10u2 (2019-11-11) x86_64
You are on
  ____   ___  _   _ _  ____
 / ___| / _ \| \ | (_)/ ___|
 \___ \| | | |  \| | | |
  ___) | |_| | |\  | | |___
 |____/ \___/|_| \_|_|\____|

-- Software for Open Networking in the Cloud --

Unauthorized access and/or use are prohibited.
All access and/or use are subject to monitoring.

Help:    http://azure.github.io/SONiC/

Last login: Tue Mar 12 08:01:12 2019 from 10.36.78.241
sudo config interface shutdown Ethernet64
admin@sonic:~$ sudo config interface shutdown Ethernet64
admin@sonic:~$
====================================================================================================
Linux sonic 4.19.0-6-2-amd64 #1 SMP Debian 4.19.67-2+deb10u2 (2019-11-11) x86_64
You are on
  ____   ___  _   _ _  ____
 / ___| / _ \| \ | (_)/ ___|
 \___ \| | | |  \| | | |
  ___) | |_| | |\  | | |___
 |____/ \___/|_| \_|_|\____|

-- Software for Open Networking in the Cloud --

Unauthorized access and/or use are prohibited.
All access and/or use are subject to monitoring.

Help:    http://azure.github.io/SONiC/

Last login: Tue Mar 12 08:18:05 2019 from 10.36.78.241
sudo config interface startup Ethernet64
admin@sonic:~$ sudo config interface startup Ethernet64
admin@sonic:~$
====================================================================================================
Linux sonic 4.19.0-6-2-amd64 #1 SMP Debian 4.19.67-2+deb10u2 (2019-11-11) x86_64
You are on
  ____   ___  _   _ _  ____
 / ___| / _ \| \ | (_)/ ___|
 \___ \| | | |  \| | | |
  ___) | |_| | |\  | | |___
 |____/ \___/|_| \_|_|\____|

-- Software for Open Networking in the Cloud --

Unauthorized access and/or use are prohibited.
All access and/or use are subject to monitoring.

Help:    http://azure.github.io/SONiC/

Last login: Tue Mar 12 08:19:07 2019 from 10.36.78.241
sudo config interface shutdown Ethernet64
admin@sonic:~$ sudo config interface shutdown Ethernet64
admin@sonic:~$
====================================================================================================
Linux sonic 4.19.0-6-2-amd64 #1 SMP Debian 4.19.67-2+deb10u2 (2019-11-11) x86_64
You are on
  ____   ___  _   _ _  ____
 / ___| / _ \| \ | (_)/ ___|
 \___ \| | | |  \| | | |
  ___) | |_| | |\  | | |___
 |____/ \___/|_| \_|_|\____|

-- Software for Open Networking in the Cloud --

Unauthorized access and/or use are prohibited.
All access and/or use are subject to monitoring.

Help:    http://azure.github.io/SONiC/

Last login: Tue Mar 12 11:12:57 2019 from 10.36.78.241
sudo config interface startup Ethernet64
admin@sonic:~$ sudo config interface startup Ethernet64
admin@sonic:~$
====================================================================================================
Linux sonic 4.19.0-6-2-amd64 #1 SMP Debian 4.19.67-2+deb10u2 (2019-11-11) x86_64
You are on
  ____   ___  _   _ _  ____
 / ___| / _ \| \ | (_)/ ___|
 \___ \| | | |  \| | | |
  ___) | |_| | |\  | | |___
 |____/ \___/|_| \_|_|\____|

-- Software for Open Networking in the Cloud --

Unauthorized access and/or use are prohibited.
All access and/or use are subject to monitoring.

Help:    http://azure.github.io/SONiC/

Last login: Tue Mar 12 11:13:59 2019 from 10.36.78.241
sudo config interface shutdown Ethernet64
admin@sonic:~$ sudo config interface shutdown Ethernet64
admin@sonic:~$
====================================================================================================
Linux sonic 4.19.0-6-2-amd64 #1 SMP Debian 4.19.67-2+deb10u2 (2019-11-11) x86_64
You are on
  ____   ___  _   _ _  ____
 / ___| / _ \| \ | (_)/ ___|
 \___ \| | | |  \| | | |
  ___) | |_| | |\  | | |___
 |____/ \___/|_| \_|_|\____|

-- Software for Open Networking in the Cloud --

Unauthorized access and/or use are prohibited.
All access and/or use are subject to monitoring.

Help:    http://azure.github.io/SONiC/

Last login: Tue Mar 12 11:27:57 2019 from 10.36.78.241
sudo config interface startup Ethernet64
admin@sonic:~$ sudo config interface startup Ethernet64
admin@sonic:~$
====================================================================================================
Linux sonic 4.19.0-6-2-amd64 #1 SMP Debian 4.19.67-2+deb10u2 (2019-11-11) x86_64
You are on
  ____   ___  _   _ _  ____
 / ___| / _ \| \ | (_)/ ___|
 \___ \| | | |  \| | | |
  ___) | |_| | |\  | | |___
 |____/ \___/|_| \_|_|\____|

-- Software for Open Networking in the Cloud --

Unauthorized access and/or use are prohibited.
All access and/or use are subject to monitoring.

Help:    http://azure.github.io/SONiC/

Last login: Tue Mar 12 11:28:59 2019 from 10.36.78.241
sudo config interface shutdown Ethernet64
admin@sonic:~$ sudo config interface shutdown Ethernet64
admin@sonic:~$
====================================================================================================
Linux sonic 4.19.0-6-2-amd64 #1 SMP Debian 4.19.67-2+deb10u2 (2019-11-11) x86_64
You are on
  ____   ___  _   _ _  ____
 / ___| / _ \| \ | (_)/ ___|
 \___ \| | | |  \| | | |
  ___) | |_| | |\  | | |___
 |____/ \___/|_| \_|_|\____|

-- Software for Open Networking in the Cloud --

Unauthorized access and/or use are prohibited.
All access and/or use are subject to monitoring.

Help:    http://azure.github.io/SONiC/

Last login: Tue Mar 12 11:34:42 2019 from 10.36.78.241
sudo config interface startup Ethernet64
admin@sonic:~$ sudo config interface startup Ethernet64
admin@sonic:~$
====================================================================================================
Linux sonic 4.19.0-6-2-amd64 #1 SMP Debian 4.19.67-2+deb10u2 (2019-11-11) x86_64
You are on
  ____   ___  _   _ _  ____
 / ___| / _ \| \ | (_)/ ___|
 \___ \| | | |  \| | | |
  ___) | |_| | |\  | | |___
 |____/ \___/|_| \_|_|\____|

-- Software for Open Networking in the Cloud --

Unauthorized access and/or use are prohibited.
All access and/or use are subject to monitoring.

Help:    http://azure.github.io/SONiC/

Last login: Tue Mar 12 11:35:44 2019 from 10.36.78.241
sudo config interface shutdown Ethernet64
admin@sonic:~$ sudo config interface shutdown Ethernet64
admin@sonic:~$
====================================================================================================
Linux sonic 4.19.0-6-2-amd64 #1 SMP Debian 4.19.67-2+deb10u2 (2019-11-11) x86_64
You are on
  ____   ___  _   _ _  ____
 / ___| / _ \| \ | (_)/ ___|
 \___ \| | | |  \| | | |
  ___) | |_| | |\  | | |___
 |____/ \___/|_| \_|_|\____|

-- Software for Open Networking in the Cloud --

Unauthorized access and/or use are prohibited.
All access and/or use are subject to monitoring.

Help:    http://azure.github.io/SONiC/

Last login: Tue Mar 12 11:49:56 2019 from 10.36.78.241
sudo config interface startup Ethernet64
admin@sonic:~$ sudo config interface startup Ethernet64
admin@sonic:~$
====================================================================================================
Linux sonic 4.19.0-6-2-amd64 #1 SMP Debian 4.19.67-2+deb10u2 (2019-11-11) x86_64
You are on
  ____   ___  _   _ _  ____
 / ___| / _ \| \ | (_)/ ___|
 \___ \| | | |  \| | | |
  ___) | |_| | |\  | | |___
 |____/ \___/|_| \_|_|\____|

-- Software for Open Networking in the Cloud --

Unauthorized access and/or use are prohibited.
All access and/or use are subject to monitoring.

Help:    http://azure.github.io/SONiC/

Last login: Thu Mar 14 12:38:09 2019 from 10.36.78.241
sudo config interface shutdown Ethernet64
admin@sonic:~$ sudo config interface shutdown Ethernet64
admin@sonic:~$
====================================================================================================
Linux sonic 4.19.0-6-2-amd64 #1 SMP Debian 4.19.67-2+deb10u2 (2019-11-11) x86_64
You are on
  ____   ___  _   _ _  ____
 / ___| / _ \| \ | (_)/ ___|
 \___ \| | | |  \| | | |
  ___) | |_| | |\  | | |___
 |____/ \___/|_| \_|_|\____|

-- Software for Open Networking in the Cloud --

Unauthorized access and/or use are prohibited.
All access and/or use are subject to monitoring.

Help:    http://azure.github.io/SONiC/

Last login: Mon Mar 18 11:15:16 2019 from 10.36.78.241
sudo config interface startup Ethernet64
admin@sonic:~$ sudo config interface startup Ethernet64
admin@sonic:~$
====================================================================================================
Linux sonic 4.19.0-6-2-amd64 #1 SMP Debian 4.19.67-2+deb10u2 (2019-11-11) x86_64
You are on
  ____   ___  _   _ _  ____
 / ___| / _ \| \ | (_)/ ___|
 \___ \| | | |  \| | | |
  ___) | |_| | |\  | | |___
 |____/ \___/|_| \_|_|\____|

-- Software for Open Networking in the Cloud --

Unauthorized access and/or use are prohibited.
All access and/or use are subject to monitoring.

Help:    http://azure.github.io/SONiC/

Last login: Mon Mar 18 11:16:18 2019 from 10.36.78.241
sudo config interface shutdown Ethernet64
admin@sonic:~$ sudo config interface shutdown Ethernet64
admin@sonic:~$
====================================================================================================
Linux sonic 4.19.0-6-2-amd64 #1 SMP Debian 4.19.67-2+deb10u2 (2019-11-11) x86_64
You are on
  ____   ___  _   _ _  ____
 / ___| / _ \| \ | (_)/ ___|
 \___ \| | | |  \| | | |
  ___) | |_| | |\  | | |___
 |____/ \___/|_| \_|_|\____|

-- Software for Open Networking in the Cloud --

Unauthorized access and/or use are prohibited.
All access and/or use are subject to monitoring.

Help:    http://azure.github.io/SONiC/

Last login: Wed Mar 20 11:40:26 2019 from 10.36.78.241
sudo config interface shutdown Ethernet64
admin@sonic:~$ sudo config interface shutdown Ethernet64
admin@sonic:~$
====================================================================================================
Linux sonic 4.19.0-6-2-amd64 #1 SMP Debian 4.19.67-2+deb10u2 (2019-11-11) x86_64
You are on
  ____   ___  _   _ _  ____
 / ___| / _ \| \ | (_)/ ___|
 \___ \| | | |  \| | | |
  ___) | |_| | |\  | | |___
 |____/ \___/|_| \_|_|\____|

-- Software for Open Networking in the Cloud --

Unauthorized access and/or use are prohibited.
All access and/or use are subject to monitoring.

Help:    http://azure.github.io/SONiC/

Last login: Wed Mar 20 11:51:32 2019 from 10.36.78.241
sudo config interface startup Ethernet64
admin@sonic:~$ sudo config interface startup Ethernet64
admin@sonic:~$